// Jest Snapshot v1, https://goo.gl/fbAQLP

exports[`Nav matches snapshot 1`] = `
Array [
  Object {
    "children": Array [
      Object {
        "children": Array [
          Object {
            "children": Array [
              Object {
                "children": Array [
                  Object {
                    "name": "•",
                    "role": "text",
                  },
                ],
                "name": "•",
                "role": "ListMarker",
              },
              Object {
                "children": Array [
                  Object {
                    "name": "wololo",
                    "role": "text",
                  },
                ],
                "name": "wololo",
                "role": "link",
              },
            ],
            "name": "",
            "role": "listitem",
          },
          Object {
            "children": Array [
              Object {
                "children": Array [
                  Object {
                    "name": "•",
                    "role": "text",
                  },
                ],
                "name": "•",
                "role": "ListMarker",
              },
              Object {
                "children": Array [
                  Object {
                    "name": "wololo",
                    "role": "text",
                  },
                ],
                "name": "wololo",
                "role": "link",
              },
            ],
            "name": "",
            "role": "listitem",
          },
          Object {
            "children": Array [
              Object {
                "children": Array [
                  Object {
                    "name": "•",
                    "role": "text",
                  },
                ],
                "name": "•",
                "role": "ListMarker",
              },
              Object {
                "children": Array [
                  Object {
                    "name": "wololo",
                    "role": "text",
                  },
                ],
                "name": "wololo",
                "role": "link",
              },
            ],
            "name": "",
            "role": "listitem",
          },
          Object {
            "children": Array [
              Object {
                "children": Array [
                  Object {
                    "name": "•",
                    "role": "text",
                  },
                ],
                "name": "•",
                "role": "ListMarker",
              },
              Object {
                "children": Array [
                  Object {
                    "name": "wololo",
                    "role": "text",
                  },
                ],
                "name": "wololo",
                "role": "link",
              },
            ],
            "name": "",
            "role": "listitem",
          },
        ],
        "name": "",
        "role": "list",
      },
    ],
    "name": "Navigation",
    "role": "region",
  },
]
`;
